// Jest Snapshot v1, https://goo.gl/fbAQLP

exports[`function Connect(props, context) {
        _classCallCheck(this, Connect);

        var _this = _possibleConstructorReturn(this, _Component.call(this, props, context));

        _this.version = version;
        _this.state = {};
        _this.renderCount = 0;
        _this.store = props[storeKey] || context[storeKey];
        _this.propsMode = Boolean(props[storeKey]);
        _this.setWrappedInstance = _this.setWrappedInstance.bind(_this);

        (0, _invariant2.default)(_this.store, 'Could not find "' + storeKey + '" in either the context or props of ' + ('"' + displayName + '". Either wrap the root component in a <Provider>, ') + ('or explicitly pass "' + storeKey + '" as a prop to "' + displayName + '".'));

        _this.initSelector();
        _this.initSubscription();
        return _this;
      } renders and matches our snapshot 1`] = `null`;
